[2026-01-13T15:07:24.877+0100][gc,init] CardTable entry size: 512
[2026-01-13T15:07:24.877+0100][gc     ] Using G1
[2026-01-13T15:07:24.878+0100][gc,init] Version: 25.0.1+8-27 (release)
[2026-01-13T15:07:24.878+0100][gc,init] CPUs: 12 total, 12 available
[2026-01-13T15:07:24.878+0100][gc,init] Memory: 16384M
[2026-01-13T15:07:24.878+0100][gc,init] Large Page Support: Disabled
[2026-01-13T15:07:24.878+0100][gc,init] NUMA Support: Disabled
[2026-01-13T15:07:24.878+0100][gc,init] Compressed Oops: Enabled (Zero based)
[2026-01-13T15:07:24.878+0100][gc,init] Heap Region Size: 1M
[2026-01-13T15:07:24.878+0100][gc,init] Heap Min Capacity: 1G
[2026-01-13T15:07:24.878+0100][gc,init] Heap Initial Capacity: 1G
[2026-01-13T15:07:24.878+0100][gc,init] Heap Max Capacity: 1G
[2026-01-13T15:07:24.878+0100][gc,init] Pre-touch: Disabled
[2026-01-13T15:07:24.878+0100][gc,init] Parallel Workers: 10
[2026-01-13T15:07:24.878+0100][gc,init] Concurrent Workers: 3
[2026-01-13T15:07:24.878+0100][gc,init] Concurrent Refinement Workers: 10
[2026-01-13T15:07:24.878+0100][gc,init] Periodic GC: Disabled
[2026-01-13T15:07:24.881+0100][gc,metaspace] CDS archive(s) mapped at: [0x0000008000000000-0x0000008000d94000-0x0000008000d94000), size 14237696, SharedBaseAddress: 0x0000008000000000, ArchiveRelocationMode: 1.
[2026-01-13T15:07:24.881+0100][gc,metaspace] Compressed class space mapped at: 0x0000008001000000-0x0000008041000000, reserved size: 1073741824
[2026-01-13T15:07:24.881+0100][gc,metaspace] UseCompressedClassPointers 1, UseCompactObjectHeaders 0
[2026-01-13T15:07:24.881+0100][gc,metaspace] Narrow klass pointer bits 32, Max shift 3
[2026-01-13T15:07:24.881+0100][gc,metaspace] Narrow klass base: 0x0000008000000000, Narrow klass shift: 0
[2026-01-13T15:07:24.881+0100][gc,metaspace] Encoding Range: [0x0000008000000000 - 0x0000008100000000), (4294967296 bytes)
[2026-01-13T15:07:24.881+0100][gc,metaspace] Klass Range:    [0x0000008000004000 - 0x0000008041000000), (1090502656 bytes)
[2026-01-13T15:07:24.881+0100][gc,metaspace] Klass ID Range:  [16384 - 1090519033) (1090502649)
[2026-01-13T15:07:24.881+0100][gc,metaspace] Protection zone: [0x0000008000000000 - 0x0000008000004000), (16384 bytes)
[2026-01-13T15:07:25.412+0100][gc,start    ] GC(0) Pause Young (Normal) (G1 Evacuation Pause)
[2026-01-13T15:07:25.412+0100][gc,task     ] GC(0) Using 10 workers of 10 for evacuation
[2026-01-13T15:07:25.415+0100][gc,phases   ] GC(0)   Pre Evacuate Collection Set: 0.13ms
[2026-01-13T15:07:25.415+0100][gc,phases   ] GC(0)   Merge Heap Roots: 0.05ms
[2026-01-13T15:07:25.415+0100][gc,phases   ] GC(0)   Evacuate Collection Set: 1.99ms
[2026-01-13T15:07:25.415+0100][gc,phases   ] GC(0)   Post Evacuate Collection Set: 0.30ms
[2026-01-13T15:07:25.415+0100][gc,phases   ] GC(0)   Other: 0.33ms
[2026-01-13T15:07:25.415+0100][gc,heap     ] GC(0) Eden regions: 51->0(44)
[2026-01-13T15:07:25.415+0100][gc,heap     ] GC(0) Survivor regions: 0->7(7)
[2026-01-13T15:07:25.415+0100][gc,heap     ] GC(0) Old regions: 2->4
[2026-01-13T15:07:25.415+0100][gc,heap     ] GC(0) Humongous regions: 0->0
[2026-01-13T15:07:25.415+0100][gc,metaspace] GC(0) Metaspace: 16592K(16832K)->16592K(16832K) NonClass: 15146K(15296K)->15146K(15296K) Class: 1445K(1536K)->1445K(1536K)
[2026-01-13T15:07:25.415+0100][gc          ] GC(0) Pause Young (Normal) (G1 Evacuation Pause) 52M->9M(1024M) 3.019ms
[2026-01-13T15:07:25.415+0100][gc,cpu      ] GC(0) User=0.01s Sys=0.01s Real=0.00s
[2026-01-13T15:07:25.542+0100][gc,start    ] GC(1) Pause Young (Concurrent Start) (Metadata GC Threshold)
[2026-01-13T15:07:25.542+0100][gc,task     ] GC(1) Using 10 workers of 10 for evacuation
[2026-01-13T15:07:25.545+0100][gc,phases   ] GC(1)   Pre Evacuate Collection Set: 0.22ms
[2026-01-13T15:07:25.545+0100][gc,phases   ] GC(1)   Merge Heap Roots: 0.05ms
[2026-01-13T15:07:25.545+0100][gc,phases   ] GC(1)   Evacuate Collection Set: 1.92ms
[2026-01-13T15:07:25.545+0100][gc,phases   ] GC(1)   Post Evacuate Collection Set: 0.23ms
[2026-01-13T15:07:25.545+0100][gc,phases   ] GC(1)   Other: 0.06ms
[2026-01-13T15:07:25.545+0100][gc,heap     ] GC(1) Eden regions: 14->0(87)
[2026-01-13T15:07:25.545+0100][gc,heap     ] GC(1) Survivor regions: 7->2(7)
[2026-01-13T15:07:25.545+0100][gc,heap     ] GC(1) Old regions: 4->11
[2026-01-13T15:07:25.545+0100][gc,heap     ] GC(1) Humongous regions: 0->0
[2026-01-13T15:07:25.545+0100][gc,metaspace] GC(1) Metaspace: 21294K(21504K)->21294K(21504K) NonClass: 19246K(19328K)->19246K(19328K) Class: 2048K(2176K)->2048K(2176K)
[2026-01-13T15:07:25.545+0100][gc          ] GC(1) Pause Young (Concurrent Start) (Metadata GC Threshold) 23M->11M(1024M) 2.656ms
[2026-01-13T15:07:25.545+0100][gc,cpu      ] GC(1) User=0.01s Sys=0.00s Real=0.00s
[2026-01-13T15:07:25.545+0100][gc          ] GC(2) Concurrent Mark Cycle
[2026-01-13T15:07:25.545+0100][gc,marking  ] GC(2) Concurrent Scan Root Regions
[2026-01-13T15:07:25.546+0100][gc,marking  ] GC(2) Concurrent Scan Root Regions 1.041ms
[2026-01-13T15:07:25.546+0100][gc,marking  ] GC(2) Concurrent Mark
[2026-01-13T15:07:25.546+0100][gc,marking  ] GC(2) Concurrent Mark From Roots
[2026-01-13T15:07:25.546+0100][gc,task     ] GC(2) Using 3 workers of 3 for marking
[2026-01-13T15:07:25.547+0100][gc,marking  ] GC(2) Concurrent Mark From Roots 0.899ms
[2026-01-13T15:07:25.547+0100][gc,marking  ] GC(2) Concurrent Preclean
[2026-01-13T15:07:25.547+0100][gc,marking  ] GC(2) Concurrent Preclean 0.008ms
[2026-01-13T15:07:25.547+0100][gc,start    ] GC(2) Pause Remark
[2026-01-13T15:07:25.548+0100][gc          ] GC(2) Pause Remark 11M->11M(1024M) 1.095ms
[2026-01-13T15:07:25.548+0100][gc,cpu      ] GC(2) User=0.00s Sys=0.00s Real=0.00s
[2026-01-13T15:07:25.548+0100][gc,marking  ] GC(2) Concurrent Mark 2.261ms
[2026-01-13T15:07:25.548+0100][gc,marking  ] GC(2) Concurrent Rebuild Remembered Sets and Scrub Regions
[2026-01-13T15:07:25.549+0100][gc,marking  ] GC(2) Concurrent Rebuild Remembered Sets and Scrub Regions 1.127ms
[2026-01-13T15:07:25.550+0100][gc,start    ] GC(2) Pause Cleanup
[2026-01-13T15:07:25.550+0100][gc          ] GC(2) Pause Cleanup 11M->11M(1024M) 0.023ms
[2026-01-13T15:07:25.550+0100][gc,cpu      ] GC(2) User=0.00s Sys=0.00s Real=0.00s
[2026-01-13T15:07:25.550+0100][gc,marking  ] GC(2) Concurrent Clear Claimed Marks
[2026-01-13T15:07:25.550+0100][gc,marking  ] GC(2) Concurrent Clear Claimed Marks 0.007ms
[2026-01-13T15:07:25.550+0100][gc,marking  ] GC(2) Concurrent Cleanup for Next Mark
[2026-01-13T15:07:25.551+0100][gc,marking  ] GC(2) Concurrent Cleanup for Next Mark 1.415ms
[2026-01-13T15:07:25.551+0100][gc          ] GC(2) Concurrent Mark Cycle 6.415ms
[2026-01-13T15:07:26.015+0100][gc,start    ] GC(3) Pause Young (Prepare Mixed) (Metadata GC Threshold)
[2026-01-13T15:07:26.015+0100][gc,task     ] GC(3) Using 10 workers of 10 for evacuation
[2026-01-13T15:07:26.017+0100][gc,phases   ] GC(3)   Pre Evacuate Collection Set: 0.14ms
[2026-01-13T15:07:26.017+0100][gc,phases   ] GC(3)   Merge Heap Roots: 0.05ms
[2026-01-13T15:07:26.017+0100][gc,phases   ] GC(3)   Evacuate Collection Set: 1.92ms
[2026-01-13T15:07:26.017+0100][gc,phases   ] GC(3)   Post Evacuate Collection Set: 0.26ms
[2026-01-13T15:07:26.017+0100][gc,phases   ] GC(3)   Other: 0.05ms
[2026-01-13T15:07:26.017+0100][gc,heap     ] GC(3) Eden regions: 68->0(157)
[2026-01-13T15:07:26.017+0100][gc,heap     ] GC(3) Survivor regions: 2->7(12)
[2026-01-13T15:07:26.017+0100][gc,heap     ] GC(3) Old regions: 11->11
[2026-01-13T15:07:26.017+0100][gc,heap     ] GC(3) Humongous regions: 9->9
[2026-01-13T15:07:26.017+0100][gc,metaspace] GC(3) Metaspace: 35671K(35968K)->35671K(35968K) NonClass: 32170K(32320K)->32170K(32320K) Class: 3500K(3648K)->3500K(3648K)
[2026-01-13T15:07:26.018+0100][gc          ] GC(3) Pause Young (Prepare Mixed) (Metadata GC Threshold) 88M->24M(1024M) 2.549ms
[2026-01-13T15:07:26.018+0100][gc,cpu      ] GC(3) User=0.01s Sys=0.01s Real=0.00s
[2026-01-13T15:07:26.026+0100][gc,start    ] GC(4) Pause Young (Mixed) (Metadata GC Threshold)
[2026-01-13T15:07:26.028+0100][gc,task     ] GC(4) Using 10 workers of 10 for evacuation
[2026-01-13T15:07:26.030+0100][gc,phases   ] GC(4)   Pre Evacuate Collection Set: 0.11ms
[2026-01-13T15:07:26.030+0100][gc,phases   ] GC(4)   Merge Heap Roots: 0.05ms
[2026-01-13T15:07:26.030+0100][gc,phases   ] GC(4)   Evacuate Collection Set: 1.50ms
[2026-01-13T15:07:26.030+0100][gc,phases   ] GC(4)   Post Evacuate Collection Set: 0.30ms
[2026-01-13T15:07:26.030+0100][gc,phases   ] GC(4)   Other: 0.05ms
[2026-01-13T15:07:26.030+0100][gc,heap     ] GC(4) Eden regions: 4->0(213)
[2026-01-13T15:07:26.030+0100][gc,heap     ] GC(4) Survivor regions: 7->7(21)
[2026-01-13T15:07:26.030+0100][gc,heap     ] GC(4) Old regions: 11->10
[2026-01-13T15:07:26.030+0100][gc,heap     ] GC(4) Humongous regions: 9->9
[2026-01-13T15:07:26.030+0100][gc,metaspace] GC(4) Metaspace: 35969K(36288K)->35969K(36288K) NonClass: 32423K(32576K)->32423K(32576K) Class: 3546K(3712K)->3546K(3712K)
[2026-01-13T15:07:26.030+0100][gc          ] GC(4) Pause Young (Mixed) (Metadata GC Threshold) 28M->25M(1024M) 4.320ms
[2026-01-13T15:07:26.030+0100][gc,cpu      ] GC(4) User=0.01s Sys=0.00s Real=0.01s
[2026-01-13T15:07:26.037+0100][gc,start    ] GC(5) Pause Young (Concurrent Start) (Metadata GC Threshold)
[2026-01-13T15:07:26.037+0100][gc,task     ] GC(5) Using 10 workers of 10 for evacuation
[2026-01-13T15:07:26.039+0100][gc,phases   ] GC(5)   Pre Evacuate Collection Set: 0.12ms
[2026-01-13T15:07:26.039+0100][gc,phases   ] GC(5)   Merge Heap Roots: 0.03ms
[2026-01-13T15:07:26.039+0100][gc,phases   ] GC(5)   Evacuate Collection Set: 1.62ms
[2026-01-13T15:07:26.039+0100][gc,phases   ] GC(5)   Post Evacuate Collection Set: 0.23ms
[2026-01-13T15:07:26.039+0100][gc,phases   ] GC(5)   Other: 0.05ms
[2026-01-13T15:07:26.039+0100][gc,heap     ] GC(5) Eden regions: 5->0(309)
[2026-01-13T15:07:26.039+0100][gc,heap     ] GC(5) Survivor regions: 7->7(28)
[2026-01-13T15:07:26.039+0100][gc,heap     ] GC(5) Old regions: 10->11
[2026-01-13T15:07:26.039+0100][gc,heap     ] GC(5) Humongous regions: 9->9
[2026-01-13T15:07:26.039+0100][gc,metaspace] GC(5) Metaspace: 36228K(36608K)->36228K(36608K) NonClass: 32640K(32832K)->32640K(32832K) Class: 3588K(3776K)->3588K(3776K)
[2026-01-13T15:07:26.039+0100][gc          ] GC(5) Pause Young (Concurrent Start) (Metadata GC Threshold) (Evacuation Failure: Pinned) 29M->26M(1024M) 2.154ms
[2026-01-13T15:07:26.039+0100][gc          ] GC(6) Concurrent Mark Cycle
[2026-01-13T15:07:26.039+0100][gc,cpu      ] GC(5) User=0.01s Sys=0.01s Real=0.00s
[2026-01-13T15:07:26.039+0100][gc,marking  ] GC(6) Concurrent Scan Root Regions
[2026-01-13T15:07:26.041+0100][gc,marking  ] GC(6) Concurrent Scan Root Regions 1.237ms
[2026-01-13T15:07:26.041+0100][gc,marking  ] GC(6) Concurrent Mark
[2026-01-13T15:07:26.041+0100][gc,marking  ] GC(6) Concurrent Mark From Roots
[2026-01-13T15:07:26.041+0100][gc,task     ] GC(6) Using 3 workers of 3 for marking
[2026-01-13T15:07:26.044+0100][gc,marking  ] GC(6) Concurrent Mark From Roots 3.019ms
[2026-01-13T15:07:26.044+0100][gc,marking  ] GC(6) Concurrent Preclean
[2026-01-13T15:07:26.044+0100][gc,marking  ] GC(6) Concurrent Preclean 0.033ms
[2026-01-13T15:07:26.044+0100][gc,start    ] GC(6) Pause Remark
[2026-01-13T15:07:26.045+0100][gc          ] GC(6) Pause Remark 28M->28M(1024M) 1.389ms
[2026-01-13T15:07:26.045+0100][gc,cpu      ] GC(6) User=0.00s Sys=0.00s Real=0.00s
[2026-01-13T15:07:26.045+0100][gc,marking  ] GC(6) Concurrent Mark 4.587ms
[2026-01-13T15:07:26.045+0100][gc,marking  ] GC(6) Concurrent Rebuild Remembered Sets and Scrub Regions
[2026-01-13T15:07:26.047+0100][gc,marking  ] GC(6) Concurrent Rebuild Remembered Sets and Scrub Regions 1.858ms
[2026-01-13T15:07:26.047+0100][gc,start    ] GC(6) Pause Cleanup
[2026-01-13T15:07:26.047+0100][gc          ] GC(6) Pause Cleanup 28M->28M(1024M) 0.037ms
[2026-01-13T15:07:26.047+0100][gc,cpu      ] GC(6) User=0.00s Sys=0.00s Real=0.00s
[2026-01-13T15:07:26.047+0100][gc,marking  ] GC(6) Concurrent Clear Claimed Marks
[2026-01-13T15:07:26.047+0100][gc,marking  ] GC(6) Concurrent Clear Claimed Marks 0.012ms
[2026-01-13T15:07:26.047+0100][gc,marking  ] GC(6) Concurrent Cleanup for Next Mark
[2026-01-13T15:07:26.048+0100][gc,marking  ] GC(6) Concurrent Cleanup for Next Mark 0.692ms
[2026-01-13T15:07:26.048+0100][gc          ] GC(6) Concurrent Mark Cycle 8.621ms
[2026-01-13T15:17:20.956+0100][gc,exit     ] Heap
[2026-01-13T15:17:20.957+0100][gc,exit     ]  garbage-first heap   total reserved 1048576K, committed 1048576K, used 290419K [0x00000007c0000000, 0x0000000800000000)
[2026-01-13T15:17:20.957+0100][gc,exit     ]   region size 1024K, 135 young (138240K), 7 survivors (7168K)
[2026-01-13T15:17:20.957+0100][gc,exit     ]  Metaspace       used 45188K, committed 45760K, reserved 1114112K
[2026-01-13T15:17:20.957+0100][gc,exit     ]   class space    used 4584K, committed 4864K, reserved 1048576K
