[2026-01-13T15:17:25.378+0100][gc,init] CardTable entry size: 512
[2026-01-13T15:17:25.378+0100][gc     ] Using G1
[2026-01-13T15:17:25.379+0100][gc,init] Version: 25.0.1+8-27 (release)
[2026-01-13T15:17:25.379+0100][gc,init] CPUs: 12 total, 12 available
[2026-01-13T15:17:25.379+0100][gc,init] Memory: 16384M
[2026-01-13T15:17:25.379+0100][gc,init] Large Page Support: Disabled
[2026-01-13T15:17:25.379+0100][gc,init] NUMA Support: Disabled
[2026-01-13T15:17:25.379+0100][gc,init] Compressed Oops: Enabled (Zero based)
[2026-01-13T15:17:25.379+0100][gc,init] Heap Region Size: 1M
[2026-01-13T15:17:25.379+0100][gc,init] Heap Min Capacity: 1G
[2026-01-13T15:17:25.379+0100][gc,init] Heap Initial Capacity: 1G
[2026-01-13T15:17:25.379+0100][gc,init] Heap Max Capacity: 1G
[2026-01-13T15:17:25.379+0100][gc,init] Pre-touch: Disabled
[2026-01-13T15:17:25.379+0100][gc,init] Parallel Workers: 10
[2026-01-13T15:17:25.379+0100][gc,init] Concurrent Workers: 3
[2026-01-13T15:17:25.379+0100][gc,init] Concurrent Refinement Workers: 10
[2026-01-13T15:17:25.379+0100][gc,init] Periodic GC: Disabled
[2026-01-13T15:17:25.382+0100][gc,metaspace] CDS archive(s) mapped at: [0x00007e0000000000-0x00007e0000d94000-0x00007e0000d94000), size 14237696, SharedBaseAddress: 0x00007e0000000000, ArchiveRelocationMode: 1.
[2026-01-13T15:17:25.382+0100][gc,metaspace] Compressed class space mapped at: 0x00007e0001000000-0x00007e0041000000, reserved size: 1073741824
[2026-01-13T15:17:25.382+0100][gc,metaspace] UseCompressedClassPointers 1, UseCompactObjectHeaders 0
[2026-01-13T15:17:25.382+0100][gc,metaspace] Narrow klass pointer bits 32, Max shift 3
[2026-01-13T15:17:25.382+0100][gc,metaspace] Narrow klass base: 0x00007e0000000000, Narrow klass shift: 0
[2026-01-13T15:17:25.382+0100][gc,metaspace] Encoding Range: [0x00007e0000000000 - 0x00007e0100000000), (4294967296 bytes)
[2026-01-13T15:17:25.382+0100][gc,metaspace] Klass Range:    [0x00007e0000004000 - 0x00007e0041000000), (1090502656 bytes)
[2026-01-13T15:17:25.382+0100][gc,metaspace] Klass ID Range:  [16384 - 1090519033) (1090502649)
[2026-01-13T15:17:25.382+0100][gc,metaspace] Protection zone: [0x00007e0000000000 - 0x00007e0000004000), (16384 bytes)
[2026-01-13T15:17:25.919+0100][gc,start    ] GC(0) Pause Young (Normal) (G1 Evacuation Pause)
[2026-01-13T15:17:25.919+0100][gc,task     ] GC(0) Using 10 workers of 10 for evacuation
[2026-01-13T15:17:25.922+0100][gc,phases   ] GC(0)   Pre Evacuate Collection Set: 0.16ms
[2026-01-13T15:17:25.922+0100][gc,phases   ] GC(0)   Merge Heap Roots: 0.05ms
[2026-01-13T15:17:25.922+0100][gc,phases   ] GC(0)   Evacuate Collection Set: 2.44ms
[2026-01-13T15:17:25.922+0100][gc,phases   ] GC(0)   Post Evacuate Collection Set: 0.29ms
[2026-01-13T15:17:25.922+0100][gc,phases   ] GC(0)   Other: 0.33ms
[2026-01-13T15:17:25.922+0100][gc,heap     ] GC(0) Eden regions: 51->0(44)
[2026-01-13T15:17:25.922+0100][gc,heap     ] GC(0) Survivor regions: 0->7(7)
[2026-01-13T15:17:25.922+0100][gc,heap     ] GC(0) Old regions: 2->4
[2026-01-13T15:17:25.922+0100][gc,heap     ] GC(0) Humongous regions: 0->0
[2026-01-13T15:17:25.922+0100][gc,metaspace] GC(0) Metaspace: 16592K(16832K)->16592K(16832K) NonClass: 15151K(15296K)->15151K(15296K) Class: 1440K(1536K)->1440K(1536K)
[2026-01-13T15:17:25.922+0100][gc          ] GC(0) Pause Young (Normal) (G1 Evacuation Pause) 52M->9M(1024M) 3.463ms
[2026-01-13T15:17:25.922+0100][gc,cpu      ] GC(0) User=0.01s Sys=0.01s Real=0.01s
[2026-01-13T15:17:26.057+0100][gc,start    ] GC(1) Pause Young (Concurrent Start) (Metadata GC Threshold)
[2026-01-13T15:17:26.057+0100][gc,task     ] GC(1) Using 10 workers of 10 for evacuation
[2026-01-13T15:17:26.060+0100][gc,phases   ] GC(1)   Pre Evacuate Collection Set: 0.24ms
[2026-01-13T15:17:26.060+0100][gc,phases   ] GC(1)   Merge Heap Roots: 0.05ms
[2026-01-13T15:17:26.060+0100][gc,phases   ] GC(1)   Evacuate Collection Set: 1.99ms
[2026-01-13T15:17:26.060+0100][gc,phases   ] GC(1)   Post Evacuate Collection Set: 0.22ms
[2026-01-13T15:17:26.060+0100][gc,phases   ] GC(1)   Other: 0.05ms
[2026-01-13T15:17:26.060+0100][gc,heap     ] GC(1) Eden regions: 14->0(78)
[2026-01-13T15:17:26.060+0100][gc,heap     ] GC(1) Survivor regions: 7->2(7)
[2026-01-13T15:17:26.060+0100][gc,heap     ] GC(1) Old regions: 4->11
[2026-01-13T15:17:26.060+0100][gc,heap     ] GC(1) Humongous regions: 0->0
[2026-01-13T15:17:26.060+0100][gc,metaspace] GC(1) Metaspace: 21280K(21504K)->21280K(21504K) NonClass: 19246K(19328K)->19246K(19328K) Class: 2033K(2176K)->2033K(2176K)
[2026-01-13T15:17:26.060+0100][gc          ] GC(1) Pause Young (Concurrent Start) (Metadata GC Threshold) 23M->11M(1024M) 2.723ms
[2026-01-13T15:17:26.060+0100][gc          ] GC(2) Concurrent Mark Cycle
[2026-01-13T15:17:26.060+0100][gc,cpu      ] GC(1) User=0.01s Sys=0.00s Real=0.01s
[2026-01-13T15:17:26.060+0100][gc,marking  ] GC(2) Concurrent Scan Root Regions
[2026-01-13T15:17:26.061+0100][gc,marking  ] GC(2) Concurrent Scan Root Regions 1.063ms
[2026-01-13T15:17:26.061+0100][gc,marking  ] GC(2) Concurrent Mark
[2026-01-13T15:17:26.061+0100][gc,marking  ] GC(2) Concurrent Mark From Roots
[2026-01-13T15:17:26.061+0100][gc,task     ] GC(2) Using 3 workers of 3 for marking
[2026-01-13T15:17:26.062+0100][gc,marking  ] GC(2) Concurrent Mark From Roots 0.908ms
[2026-01-13T15:17:26.062+0100][gc,marking  ] GC(2) Concurrent Preclean
[2026-01-13T15:17:26.062+0100][gc,marking  ] GC(2) Concurrent Preclean 0.006ms
[2026-01-13T15:17:26.062+0100][gc,start    ] GC(2) Pause Remark
[2026-01-13T15:17:26.063+0100][gc          ] GC(2) Pause Remark 11M->11M(1024M) 1.085ms
[2026-01-13T15:17:26.063+0100][gc,cpu      ] GC(2) User=0.01s Sys=0.00s Real=0.00s
[2026-01-13T15:17:26.063+0100][gc,marking  ] GC(2) Concurrent Mark 2.102ms
[2026-01-13T15:17:26.063+0100][gc,marking  ] GC(2) Concurrent Rebuild Remembered Sets and Scrub Regions
[2026-01-13T15:17:26.064+0100][gc,marking  ] GC(2) Concurrent Rebuild Remembered Sets and Scrub Regions 1.144ms
[2026-01-13T15:17:26.064+0100][gc,start    ] GC(2) Pause Cleanup
[2026-01-13T15:17:26.064+0100][gc          ] GC(2) Pause Cleanup 11M->11M(1024M) 0.028ms
[2026-01-13T15:17:26.064+0100][gc,cpu      ] GC(2) User=0.00s Sys=0.00s Real=0.00s
[2026-01-13T15:17:26.064+0100][gc,marking  ] GC(2) Concurrent Clear Claimed Marks
[2026-01-13T15:17:26.064+0100][gc,marking  ] GC(2) Concurrent Clear Claimed Marks 0.008ms
[2026-01-13T15:17:26.064+0100][gc,marking  ] GC(2) Concurrent Cleanup for Next Mark
[2026-01-13T15:17:26.065+0100][gc,marking  ] GC(2) Concurrent Cleanup for Next Mark 1.228ms
[2026-01-13T15:17:26.065+0100][gc          ] GC(2) Concurrent Mark Cycle 5.750ms
[2026-01-13T15:17:26.537+0100][gc,start    ] GC(3) Pause Young (Prepare Mixed) (Metadata GC Threshold)
[2026-01-13T15:17:26.537+0100][gc,task     ] GC(3) Using 10 workers of 10 for evacuation
[2026-01-13T15:17:26.539+0100][gc,phases   ] GC(3)   Pre Evacuate Collection Set: 0.11ms
[2026-01-13T15:17:26.539+0100][gc,phases   ] GC(3)   Merge Heap Roots: 0.05ms
[2026-01-13T15:17:26.539+0100][gc,phases   ] GC(3)   Evacuate Collection Set: 1.82ms
[2026-01-13T15:17:26.539+0100][gc,phases   ] GC(3)   Post Evacuate Collection Set: 0.29ms
[2026-01-13T15:17:26.539+0100][gc,phases   ] GC(3)   Other: 0.06ms
[2026-01-13T15:17:26.539+0100][gc,heap     ] GC(3) Eden regions: 66->0(137)
[2026-01-13T15:17:26.539+0100][gc,heap     ] GC(3) Survivor regions: 2->7(10)
[2026-01-13T15:17:26.539+0100][gc,heap     ] GC(3) Old regions: 11->13
[2026-01-13T15:17:26.539+0100][gc,heap     ] GC(3) Humongous regions: 9->9
[2026-01-13T15:17:26.539+0100][gc,metaspace] GC(3) Metaspace: 35536K(35968K)->35536K(35968K) NonClass: 32046K(32256K)->32046K(32256K) Class: 3489K(3712K)->3489K(3712K)
[2026-01-13T15:17:26.539+0100][gc          ] GC(3) Pause Young (Prepare Mixed) (Metadata GC Threshold) (Evacuation Failure: Pinned) 86M->27M(1024M) 2.466ms
[2026-01-13T15:17:26.539+0100][gc,cpu      ] GC(3) User=0.02s Sys=0.00s Real=0.00s
[2026-01-13T15:17:26.545+0100][gc,start    ] GC(4) Pause Young (Mixed) (Metadata GC Threshold)
[2026-01-13T15:17:26.545+0100][gc,task     ] GC(4) Using 10 workers of 10 for evacuation
[2026-01-13T15:17:26.547+0100][gc,phases   ] GC(4)   Pre Evacuate Collection Set: 0.08ms
[2026-01-13T15:17:26.547+0100][gc,phases   ] GC(4)   Merge Heap Roots: 0.04ms
[2026-01-13T15:17:26.547+0100][gc,phases   ] GC(4)   Evacuate Collection Set: 1.65ms
[2026-01-13T15:17:26.547+0100][gc,phases   ] GC(4)   Post Evacuate Collection Set: 0.26ms
[2026-01-13T15:17:26.547+0100][gc,phases   ] GC(4)   Other: 0.04ms
[2026-01-13T15:17:26.547+0100][gc,heap     ] GC(4) Eden regions: 3->0(196)
[2026-01-13T15:17:26.547+0100][gc,heap     ] GC(4) Survivor regions: 7->8(18)
[2026-01-13T15:17:26.547+0100][gc,heap     ] GC(4) Old regions: 13->11
[2026-01-13T15:17:26.547+0100][gc,heap     ] GC(4) Humongous regions: 9->9
[2026-01-13T15:17:26.547+0100][gc,metaspace] GC(4) Metaspace: 35883K(36288K)->35883K(36288K) NonClass: 32375K(32576K)->32375K(32576K) Class: 3508K(3712K)->3508K(3712K)
[2026-01-13T15:17:26.547+0100][gc          ] GC(4) Pause Young (Mixed) (Metadata GC Threshold) 29M->26M(1024M) 2.190ms
[2026-01-13T15:17:26.547+0100][gc,cpu      ] GC(4) User=0.01s Sys=0.01s Real=0.00s
[2026-01-13T15:17:26.555+0100][gc,start    ] GC(5) Pause Young (Concurrent Start) (Metadata GC Threshold)
[2026-01-13T15:17:26.555+0100][gc,task     ] GC(5) Using 10 workers of 10 for evacuation
[2026-01-13T15:17:26.557+0100][gc,phases   ] GC(5)   Pre Evacuate Collection Set: 0.12ms
[2026-01-13T15:17:26.557+0100][gc,phases   ] GC(5)   Merge Heap Roots: 0.04ms
[2026-01-13T15:17:26.557+0100][gc,phases   ] GC(5)   Evacuate Collection Set: 1.47ms
[2026-01-13T15:17:26.557+0100][gc,phases   ] GC(5)   Post Evacuate Collection Set: 0.21ms
[2026-01-13T15:17:26.557+0100][gc,phases   ] GC(5)   Other: 0.06ms
[2026-01-13T15:17:26.557+0100][gc,heap     ] GC(5) Eden regions: 4->0(269)
[2026-01-13T15:17:26.557+0100][gc,heap     ] GC(5) Survivor regions: 8->7(26)
[2026-01-13T15:17:26.557+0100][gc,heap     ] GC(5) Old regions: 11->11
[2026-01-13T15:17:26.557+0100][gc,heap     ] GC(5) Humongous regions: 9->9
[2026-01-13T15:17:26.557+0100][gc,metaspace] GC(5) Metaspace: 36168K(36608K)->36168K(36608K) NonClass: 32627K(32832K)->32627K(32832K) Class: 3541K(3776K)->3541K(3776K)
[2026-01-13T15:17:26.557+0100][gc          ] GC(5) Pause Young (Concurrent Start) (Metadata GC Threshold) 29M->25M(1024M) 2.027ms
[2026-01-13T15:17:26.557+0100][gc          ] GC(6) Concurrent Mark Cycle
[2026-01-13T15:17:26.557+0100][gc,cpu      ] GC(5) User=0.01s Sys=0.00s Real=0.00s
[2026-01-13T15:17:26.557+0100][gc,marking  ] GC(6) Concurrent Scan Root Regions
[2026-01-13T15:17:26.558+0100][gc,marking  ] GC(6) Concurrent Scan Root Regions 1.250ms
[2026-01-13T15:17:26.558+0100][gc,marking  ] GC(6) Concurrent Mark
[2026-01-13T15:17:26.558+0100][gc,marking  ] GC(6) Concurrent Mark From Roots
[2026-01-13T15:17:26.558+0100][gc,task     ] GC(6) Using 3 workers of 3 for marking
[2026-01-13T15:17:26.561+0100][gc,marking  ] GC(6) Concurrent Mark From Roots 2.797ms
[2026-01-13T15:17:26.561+0100][gc,marking  ] GC(6) Concurrent Preclean
[2026-01-13T15:17:26.561+0100][gc,marking  ] GC(6) Concurrent Preclean 0.047ms
[2026-01-13T15:17:26.561+0100][gc,start    ] GC(6) Pause Remark
[2026-01-13T15:17:26.562+0100][gc          ] GC(6) Pause Remark 30M->30M(1024M) 1.317ms
[2026-01-13T15:17:26.562+0100][gc,cpu      ] GC(6) User=0.00s Sys=0.00s Real=0.00s
[2026-01-13T15:17:26.562+0100][gc,marking  ] GC(6) Concurrent Mark 4.264ms
[2026-01-13T15:17:26.562+0100][gc,marking  ] GC(6) Concurrent Rebuild Remembered Sets and Scrub Regions
[2026-01-13T15:17:26.564+0100][gc,marking  ] GC(6) Concurrent Rebuild Remembered Sets and Scrub Regions 1.261ms
[2026-01-13T15:17:26.564+0100][gc,start    ] GC(6) Pause Cleanup
[2026-01-13T15:17:26.564+0100][gc          ] GC(6) Pause Cleanup 30M->30M(1024M) 0.026ms
[2026-01-13T15:17:26.564+0100][gc,cpu      ] GC(6) User=0.00s Sys=0.00s Real=0.00s
[2026-01-13T15:17:26.564+0100][gc,marking  ] GC(6) Concurrent Clear Claimed Marks
[2026-01-13T15:17:26.564+0100][gc,marking  ] GC(6) Concurrent Clear Claimed Marks 0.032ms
[2026-01-13T15:17:26.564+0100][gc,marking  ] GC(6) Concurrent Cleanup for Next Mark
[2026-01-13T15:17:26.564+0100][gc,marking  ] GC(6) Concurrent Cleanup for Next Mark 0.589ms
[2026-01-13T15:17:26.564+0100][gc          ] GC(6) Concurrent Mark Cycle 7.590ms
[2026-01-13T15:50:11.773+0100][gc,start    ] GC(7) Pause Young (Prepare Mixed) (G1 Evacuation Pause)
[2026-01-13T15:50:11.774+0100][gc,task     ] GC(7) Using 10 workers of 10 for evacuation
[2026-01-13T15:50:11.799+0100][gc,mmu      ] GC(7) MMU target violated: 21.0ms (20.0ms/21.0ms)
[2026-01-13T15:50:11.799+0100][gc,phases   ] GC(7)   Pre Evacuate Collection Set: 0.97ms
[2026-01-13T15:50:11.799+0100][gc,phases   ] GC(7)   Merge Heap Roots: 0.28ms
[2026-01-13T15:50:11.799+0100][gc,phases   ] GC(7)   Evacuate Collection Set: 23.24ms
[2026-01-13T15:50:11.799+0100][gc,phases   ] GC(7)   Post Evacuate Collection Set: 0.89ms
[2026-01-13T15:50:11.799+0100][gc,phases   ] GC(7)   Other: 0.42ms
[2026-01-13T15:50:11.799+0100][gc,heap     ] GC(7) Eden regions: 269->0(32)
[2026-01-13T15:50:11.799+0100][gc,heap     ] GC(7) Survivor regions: 7->19(35)
[2026-01-13T15:50:11.799+0100][gc,heap     ] GC(7) Old regions: 11->11
[2026-01-13T15:50:11.799+0100][gc,heap     ] GC(7) Humongous regions: 140->140
[2026-01-13T15:50:11.799+0100][gc,metaspace] GC(7) Metaspace: 49230K(49984K)->49230K(49984K) NonClass: 44115K(44544K)->44115K(44544K) Class: 5115K(5440K)->5115K(5440K)
[2026-01-13T15:50:11.799+0100][gc          ] GC(7) Pause Young (Prepare Mixed) (G1 Evacuation Pause) 425M->169M(1024M) 26.387ms
[2026-01-13T15:50:11.799+0100][gc,cpu      ] GC(7) User=0.06s Sys=0.08s Real=0.02s
[2026-01-13T16:02:11.355+0100][gc,start    ] GC(8) Pause Young (Mixed) (G1 Evacuation Pause)
[2026-01-13T16:02:11.355+0100][gc,task     ] GC(8) Using 10 workers of 10 for evacuation
[2026-01-13T16:02:11.368+0100][gc,phases   ] GC(8)   Pre Evacuate Collection Set: 0.48ms
[2026-01-13T16:02:11.368+0100][gc,phases   ] GC(8)   Merge Heap Roots: 0.13ms
[2026-01-13T16:02:11.368+0100][gc,phases   ] GC(8)   Evacuate Collection Set: 11.22ms
[2026-01-13T16:02:11.368+0100][gc,phases   ] GC(8)   Post Evacuate Collection Set: 0.80ms
[2026-01-13T16:02:11.368+0100][gc,phases   ] GC(8)   Other: 0.18ms
[2026-01-13T16:02:11.368+0100][gc,heap     ] GC(8) Eden regions: 32->0(138)
[2026-01-13T16:02:11.368+0100][gc,heap     ] GC(8) Survivor regions: 19->3(7)
[2026-01-13T16:02:11.368+0100][gc,heap     ] GC(8) Old regions: 11->28
[2026-01-13T16:02:11.368+0100][gc,heap     ] GC(8) Humongous regions: 140->140
[2026-01-13T16:02:11.368+0100][gc,metaspace] GC(8) Metaspace: 49259K(49984K)->49259K(49984K) NonClass: 44140K(44544K)->44140K(44544K) Class: 5118K(5440K)->5118K(5440K)
[2026-01-13T16:02:11.368+0100][gc          ] GC(8) Pause Young (Mixed) (G1 Evacuation Pause) 201M->170M(1024M) 13.265ms
[2026-01-13T16:02:11.368+0100][gc,cpu      ] GC(8) User=0.06s Sys=0.02s Real=0.01s
[2026-01-13T16:20:47.209+0100][gc,exit     ] Heap
[2026-01-13T16:20:47.209+0100][gc,exit     ]  garbage-first heap   total reserved 1048576K, committed 1048576K, used 293126K [0x0000000440000000, 0x0000000480000000)
[2026-01-13T16:20:47.209+0100][gc,exit     ]   region size 1024K, 120 young (122880K), 3 survivors (3072K)
[2026-01-13T16:20:47.209+0100][gc,exit     ]  Metaspace       used 50134K, committed 50944K, reserved 1114112K
[2026-01-13T16:20:47.209+0100][gc,exit     ]   class space    used 5310K, committed 5632K, reserved 1048576K
